// Jest Snapshot v1, https://goo.gl/fbAQLP

exports[`HomeScreen renders correctly 1`] = `
<HomeScreen>
  <Component>
    <Text>
      Home
    </Text>
  </Component>
</HomeScreen>
`;
