// Jest Snapshot v1, https://goo.gl/fbAQLP

exports[`renders correctly 1`] = `
<Image
  source={
    Object {
      "uri": undefined,
    }
  }
  style={
    Object {
      "height": "100%",
      "width": 750,
    }
  }
/>
`;
